HuBERT2Mel Supervised Training
  Device: cuda
Epoch 1/100: train_loss=13.1088, val_loss=4.0926
  ✓ Saved best checkpoint (val_mse: 4.0926)
Epoch 2/100: train_loss=3.9788, val_loss=2.1873
  ✓ Saved best checkpoint (val_mse: 2.1873)
Epoch 3/100: train_loss=3.1444, val_loss=2.0449
  ✓ Saved best checkpoint (val_mse: 2.0449)
Epoch 4/100: train_loss=2.9743, val_loss=1.9063
  ✓ Saved best checkpoint (val_mse: 1.9063)
Epoch 5/100: train_loss=2.8492, val_loss=1.8399
  ✓ Saved best checkpoint (val_mse: 1.8399)
Epoch 6/100: train_loss=2.7539, val_loss=1.7908
  ✓ Saved best checkpoint (val_mse: 1.7908)
Epoch 7/100: train_loss=2.6673, val_loss=1.7390
  ✓ Saved best checkpoint (val_mse: 1.7390)
Epoch 8/100: train_loss=2.5955, val_loss=1.6773
  ✓ Saved best checkpoint (val_mse: 1.6773)
Epoch 9/100: train_loss=2.5386, val_loss=1.6184
  ✓ Saved best checkpoint (val_mse: 1.6184)
Epoch 10/100: train_loss=2.4752, val_loss=1.5623
  ✓ Saved best checkpoint (val_mse: 1.5623)
Epoch 11/100: train_loss=2.4235, val_loss=1.5249
  ✓ Saved best checkpoint (val_mse: 1.5249)
Epoch 12/100: train_loss=2.3850, val_loss=1.4993
  ✓ Saved best checkpoint (val_mse: 1.4993)
Epoch 13/100: train_loss=2.3379, val_loss=1.5352
Epoch 14/100: train_loss=2.3055, val_loss=1.4621
  ✓ Saved best checkpoint (val_mse: 1.4621)
Epoch 15/100: train_loss=2.2646, val_loss=1.5366
Epoch 16/100: train_loss=2.2351, val_loss=1.4387
  ✓ Saved best checkpoint (val_mse: 1.4387)
Epoch 17/100: train_loss=2.1945, val_loss=1.4668
Epoch 18/100: train_loss=2.1520, val_loss=1.3517
  ✓ Saved best checkpoint (val_mse: 1.3517)
Epoch 19/100: train_loss=2.1303, val_loss=1.3562
Epoch 20/100: train_loss=2.0868, val_loss=1.3248
  ✓ Saved best checkpoint (val_mse: 1.3248)
Epoch 21/100: train_loss=2.0779, val_loss=1.2608
  ✓ Saved best checkpoint (val_mse: 1.2608)
Epoch 22/100: train_loss=2.0509, val_loss=1.2690
Epoch 23/100: train_loss=2.0141, val_loss=1.2752
Epoch 24/100: train_loss=1.9936, val_loss=1.2584
  ✓ Saved best checkpoint (val_mse: 1.2584)
Epoch 25/100: train_loss=1.9804, val_loss=1.2343
  ✓ Saved best checkpoint (val_mse: 1.2343)
Epoch 26/100: train_loss=1.9683, val_loss=1.2246
  ✓ Saved best checkpoint (val_mse: 1.2246)
Epoch 27/100: train_loss=1.9233, val_loss=1.1955
  ✓ Saved best checkpoint (val_mse: 1.1955)
Epoch 28/100: train_loss=1.9240, val_loss=1.2006
Epoch 29/100: train_loss=1.8900, val_loss=1.1568
  ✓ Saved best checkpoint (val_mse: 1.1568)
Epoch 30/100: train_loss=1.8752, val_loss=1.1479
  ✓ Saved best checkpoint (val_mse: 1.1479)
Epoch 31/100: train_loss=1.8450, val_loss=1.1527
Epoch 32/100: train_loss=1.8426, val_loss=1.1341
  ✓ Saved best checkpoint (val_mse: 1.1341)
Epoch 33/100: train_loss=1.8335, val_loss=1.1207
  ✓ Saved best checkpoint (val_mse: 1.1207)
Epoch 34/100: train_loss=1.8093, val_loss=1.1269
Epoch 35/100: train_loss=1.7883, val_loss=1.1402
Epoch 36/100: train_loss=1.7826, val_loss=1.1306
Epoch 37/100: train_loss=1.7711, val_loss=1.1176
  ✓ Saved best checkpoint (val_mse: 1.1176)
Epoch 38/100: train_loss=1.7502, val_loss=1.0801
  ✓ Saved best checkpoint (val_mse: 1.0801)
Epoch 39/100: train_loss=1.7369, val_loss=1.0600
  ✓ Saved best checkpoint (val_mse: 1.0600)
Epoch 40/100: train_loss=1.7181, val_loss=1.0633
Epoch 41/100: train_loss=1.7040, val_loss=1.0242
  ✓ Saved best checkpoint (val_mse: 1.0242)
Epoch 42/100: train_loss=1.6874, val_loss=1.0334
Epoch 43/100: train_loss=1.6756, val_loss=1.0457
Epoch 44/100: train_loss=1.6625, val_loss=1.0135
  ✓ Saved best checkpoint (val_mse: 1.0135)
Epoch 45/100: train_loss=1.6584, val_loss=1.0208
Epoch 46/100: train_loss=1.6472, val_loss=0.9978
  ✓ Saved best checkpoint (val_mse: 0.9978)
Epoch 47/100: train_loss=1.6251, val_loss=0.9890
  ✓ Saved best checkpoint (val_mse: 0.9890)
Epoch 48/100: train_loss=1.6241, val_loss=0.9852
  ✓ Saved best checkpoint (val_mse: 0.9852)
Epoch 49/100: train_loss=1.6110, val_loss=0.9603
  ✓ Saved best checkpoint (val_mse: 0.9603)
Epoch 50/100: train_loss=1.5948, val_loss=0.9598
  ✓ Saved best checkpoint (val_mse: 0.9598)
Epoch 51/100: train_loss=1.5851, val_loss=0.9633
Epoch 52/100: train_loss=1.5839, val_loss=0.9441
  ✓ Saved best checkpoint (val_mse: 0.9441)
Epoch 53/100: train_loss=1.5710, val_loss=0.9672
Epoch 54/100: train_loss=1.5625, val_loss=0.9596
Epoch 55/100: train_loss=1.5553, val_loss=0.9316
  ✓ Saved best checkpoint (val_mse: 0.9316)
Epoch 56/100: train_loss=1.5404, val_loss=0.9315
  ✓ Saved best checkpoint (val_mse: 0.9315)
Epoch 57/100: train_loss=1.5295, val_loss=0.9082
  ✓ Saved best checkpoint (val_mse: 0.9082)
Epoch 58/100: train_loss=1.5254, val_loss=0.9126
Epoch 59/100: train_loss=1.5174, val_loss=0.9227
Epoch 60/100: train_loss=1.5134, val_loss=0.8932
  ✓ Saved best checkpoint (val_mse: 0.8932)
Epoch 61/100: train_loss=1.5003, val_loss=0.9048
Epoch 62/100: train_loss=1.4964, val_loss=0.8900
  ✓ Saved best checkpoint (val_mse: 0.8900)
Epoch 63/100: train_loss=1.4853, val_loss=0.8937
Epoch 64/100: train_loss=1.4825, val_loss=0.8739
  ✓ Saved best checkpoint (val_mse: 0.8739)
Epoch 65/100: train_loss=1.4747, val_loss=0.8701
  ✓ Saved best checkpoint (val_mse: 0.8701)
Epoch 66/100: train_loss=1.4675, val_loss=0.8718
Epoch 67/100: train_loss=1.4562, val_loss=0.8653
  ✓ Saved best checkpoint (val_mse: 0.8653)
Epoch 68/100: train_loss=1.4525, val_loss=0.8688
Epoch 69/100: train_loss=1.4481, val_loss=0.8601
  ✓ Saved best checkpoint (val_mse: 0.8601)
Epoch 70/100: train_loss=1.4394, val_loss=0.8548
  ✓ Saved best checkpoint (val_mse: 0.8548)
Epoch 71/100: train_loss=1.4418, val_loss=0.8577
Epoch 72/100: train_loss=1.4292, val_loss=0.8480
  ✓ Saved best checkpoint (val_mse: 0.8480)
Epoch 73/100: train_loss=1.4230, val_loss=0.8439
  ✓ Saved best checkpoint (val_mse: 0.8439)
Epoch 74/100: train_loss=1.4196, val_loss=0.8444
Epoch 75/100: train_loss=1.4131, val_loss=0.8354
  ✓ Saved best checkpoint (val_mse: 0.8354)
Epoch 76/100: train_loss=1.4129, val_loss=0.8340
  ✓ Saved best checkpoint (val_mse: 0.8340)
Epoch 77/100: train_loss=1.4079, val_loss=0.8325
  ✓ Saved best checkpoint (val_mse: 0.8325)
Epoch 78/100: train_loss=1.3994, val_loss=0.8304
  ✓ Saved best checkpoint (val_mse: 0.8304)
Epoch 79/100: train_loss=1.4018, val_loss=0.8254
  ✓ Saved best checkpoint (val_mse: 0.8254)
Epoch 80/100: train_loss=1.3996, val_loss=0.8237
  ✓ Saved best checkpoint (val_mse: 0.8237)
Epoch 81/100: train_loss=1.3925, val_loss=0.8223
  ✓ Saved best checkpoint (val_mse: 0.8223)
Epoch 82/100: train_loss=1.3898, val_loss=0.8183
  ✓ Saved best checkpoint (val_mse: 0.8183)
Epoch 83/100: train_loss=1.3855, val_loss=0.8157
  ✓ Saved best checkpoint (val_mse: 0.8157)
Epoch 84/100: train_loss=1.3851, val_loss=0.8142
  ✓ Saved best checkpoint (val_mse: 0.8142)
Epoch 85/100: train_loss=1.3821, val_loss=0.8128
  ✓ Saved best checkpoint (val_mse: 0.8128)
Epoch 86/100: train_loss=1.3802, val_loss=0.8104
  ✓ Saved best checkpoint (val_mse: 0.8104)
Epoch 87/100: train_loss=1.3785, val_loss=0.8089
  ✓ Saved best checkpoint (val_mse: 0.8089)
Epoch 88/100: train_loss=1.3752, val_loss=0.8088
  ✓ Saved best checkpoint (val_mse: 0.8088)
Epoch 89/100: train_loss=1.3777, val_loss=0.8078
  ✓ Saved best checkpoint (val_mse: 0.8078)
Epoch 90/100: train_loss=1.3736, val_loss=0.8062
  ✓ Saved best checkpoint (val_mse: 0.8062)
Epoch 91/100: train_loss=1.3671, val_loss=0.8058
  ✓ Saved best checkpoint (val_mse: 0.8058)
Epoch 92/100: train_loss=1.3675, val_loss=0.8046
  ✓ Saved best checkpoint (val_mse: 0.8046)
Epoch 93/100: train_loss=1.3647, val_loss=0.8045
  ✓ Saved best checkpoint (val_mse: 0.8045)
Epoch 94/100: train_loss=1.3620, val_loss=0.8034
  ✓ Saved best checkpoint (val_mse: 0.8034)
Epoch 95/100: train_loss=1.3621, val_loss=0.8034
  ✓ Saved best checkpoint (val_mse: 0.8034)
Epoch 96/100: train_loss=1.3663, val_loss=0.8029
  ✓ Saved best checkpoint (val_mse: 0.8029)
Epoch 97/100: train_loss=1.3614, val_loss=0.8025
  ✓ Saved best checkpoint (val_mse: 0.8025)
Epoch 98/100: train_loss=1.3643, val_loss=0.8025
  ✓ Saved best checkpoint (val_mse: 0.8025)
Epoch 99/100: train_loss=1.3556, val_loss=0.8023
  ✓ Saved best checkpoint (val_mse: 0.8023)
Epoch 100/100: train_loss=1.3605, val_loss=0.8023
  ✓ Saved best checkpoint (val_mse: 0.8023)

Training complete! Best val MSE: 0.8023
Checkpoint: /home/sperm/siren/autoresearch-siren/checkpoints/vqvae_autoresearch/hubert2mel_supervised_best.pt
